[36mvite v4.5.14 [32mbuilding for production...[36m[39m
transforming...
[32mΓ£ô[39m 4 modules transformed.
node.exe : 
[31m[vite:terser] terser 
not found. Since Vite v3, 
terser has become an 
optional dependency. You 
need to install it.[39m
At C:\Program 
Files\nodejs\npx.ps1:29 
char:3
+   & $NODE_EXE $NPX_CLI_JS 
$args
+   
~~~~~~~~~~~~~~~~~~~~~~~~~~~~~
    + CategoryInfo           
   : NotSpecified: ([31m[v  
  ite:ters...nstall it.[3   
 9m:String) [], RemoteExc    
eption
    + FullyQualifiedErrorId  
   : NativeCommandError
 
[32mΓ£ô built in 135ms[39m
[31merror during build:
Error: terser not found. 
Since Vite v3, terser has 
become an optional 
dependency. You need to 
install it.
    at loadTerserPath (file:/
//D:/my%20websites_src/max-la
nding-page-ts/node_modules/vi
te/dist/node/chunks/dep-827b2
3df.js:14347:19)
    at Object.renderChunk (fi
le:///D:/my%20websites_src/ma
x-landing-page-ts/node_module
s/vite/dist/node/chunks/dep-8
27b23df.js:14383:32)
    at file:///D:/my%20websit
es_src/max-landing-page-ts/no
de_modules/rollup/dist/es/sha
red/node-entry.js:25544:40
    at process.processTicksAn
dRejections (node:internal/pr
ocess/task_queues:105:5)[39m
